
> build
> vite build

[36mvite v7.3.1 [32mbuilding client environment for production...[36m[39m
[plugin @laravel/vite-plugin-wayfinder] Types generated for actions, routes, form variants
transforming...
[32mÔ£ô[39m 3510 modules transformed.
node.exe : 
[31mÔ£ù[39m Build 
failed in 12.40s
Au caractère Ligne:1 : 
1
+ & "C:\Program 
Files\nodejs/node.exe" 
"C:\Program 
Files\nodejs/node_mo 
...
+ ~~~~~~~~~~~~~~~~~~~~~
~~~~~~~~~~~~~~~~~~~~~~~
~~~~~~~~~~~~~~~~~~~~~~~
~~
    + CategoryInfo     
         : NotSpecifi  
  ed: ([31mÔ£ù[39m   
  Build failed in 1    
2.40s:String) [],     
RemoteException
    + FullyQualifiedEr 
   rorId : NativeComm  
  andError
 
[31merror during 
build:
[31mresources/js/layou
ts/auth/AuthSimpleLayou
t.vue?vue&type=script&s
etup=true&lang.ts 
(16:9): "home" is not 
exported by "resources/
js/routes/index.ts", 
imported by "resources/
js/layouts/auth/AuthSim
pleLayout.vue?vue&type=
script&setup=true&lang.
ts".[31m
file: [36mC:/Users/LEN
OVO/Desktop/PFE/spotlig
ht/Spotlight/resources/
js/layouts/auth/AuthSim
pleLayout.vue?vue&type=
script&setup=true&lang.
ts:16:9[31m
[33m
14: import { Link } 
from '@inertiajs/vue3';
15: import AppLogoIcon 
from '@/components/AppL
ogoIcon.vue';
16: import { home } 
from '@/routes';
             ^
[31m
    at getRollupError (
file:///C:/Users/LENOVO
/Desktop/PFE/spotlight/
Spotlight/node_modules/
rollup/dist/es/shared/p
arseAst.js:402:41)
    at error (file:///C
:/Users/LENOVO/Desktop/
PFE/spotlight/Spotlight
/node_modules/rollup/di
st/es/shared/parseAst.j
s:398:42)
    at Module.error (fi
le:///C:/Users/LENOVO/D
esktop/PFE/spotlight/Sp
otlight/node_modules/ro
llup/dist/es/shared/nod
e-entry.js:17040:16)
    at 
Module.traceVariable (f
ile:///C:/Users/LENOVO/
Desktop/PFE/spotlight/S
potlight/node_modules/r
ollup/dist/es/shared/no
de-entry.js:17452:29)
    at ModuleScope.find
Variable (file:///C:/Us
ers/LENOVO/Desktop/PFE/
spotlight/Spotlight/nod
e_modules/rollup/dist/e
s/shared/node-entry.js:
15070:39)
    at ChildScope.findV
ariable (file:///C:/Use
rs/LENOVO/Desktop/PFE/s
potlight/Spotlight/node
_modules/rollup/dist/es
/shared/node-entry.js:5
673:38)
    at FunctionScope.fi
ndVariable (file:///C:/
Users/LENOVO/Desktop/PF
E/spotlight/Spotlight/n
ode_modules/rollup/dist
/es/shared/node-entry.j
s:5673:38)
    at FunctionBodyScop
e.findVariable (file://
/C:/Users/LENOVO/Deskto
p/PFE/spotlight/Spotlig
ht/node_modules/rollup/
dist/es/shared/node-ent
ry.js:5673:38)
    at ReturnValueScope
.findVariable (file:///
C:/Users/LENOVO/Desktop
/PFE/spotlight/Spotligh
t/node_modules/rollup/d
ist/es/shared/node-entr
y.js:5673:38)
    at FunctionBodyScop
e.findVariable (file://
/C:/Users/LENOVO/Deskto
p/PFE/spotlight/Spotlig
ht/node_modules/rollup/
dist/es/shared/node-ent
ry.js:5673:38)[39m
